<?php entoj_render('base/elements/e-cta', array()) ?>
<?php entoj_render('base/elements/e-cta', array('type' => , 'text' => )) ?>
<?php entoj_render_start('base/elements/e-cta', array('type' => )) ?>CONTENT<?php entoj_render_end() ?>