array('name' => 'foo', 'options' => array('key' => 'value'), 'tags' => array(0 => 'one', 1 => 'two'))