entoj_foo()
entoj_foo(, , )
entoj_bar(entoj_foo(, ), )
entoj_foo()
