<?php $loop = array('length' => count(), 'index' => 0, 'isFirst' => true, 'isLast' => false); foreach( as $item) { $loop['isFirst'] = $loop['index'] == 0; $loop['isLast'] = $loop['index'] == $loop['length'] - 1; ?><?php } ?>
<?php $loop = array('length' => count(), 'index' => 0, 'isFirst' => true, 'isLast' => false); foreach( as $key => $item) { $loop['isFirst'] = $loop['index'] == 0; $loop['isLast'] = $loop['index'] == $loop['length'] - 1; ?><?php } ?>