<?php if () { ?>COPY<?php } ?>
<?php if () { ?>COPY<?php } else { ?>NOCOPY<?php } ?>
() ? () : ()
