<!-- default -->
'hey'
42
<!-- arrays -->
'one'
<!-- conditions -->
''
<!-- parameters -->
'primary'
<!-- arguments -->
'primary'