entoj_module_classes(, '')
entoj_module_classes(, )
entoj_module_classes(, )
