<!-- variables -->
$moduleClass
$model['image']['url']['1x1']
$model['images'][0]['url']
$loop['length'] $loop['index'] $loop['first'] $loop['last']
<!-- variables in conditions -->
$model['copy']$model['headline']
<!-- variables in loops -->
$model['items'] $loop['length'] $loop['index'] $loop['isFirst'] $loop['isLast']

