<?php $className = $model['headline'] . '-teaser' ?>
<?php $model['nr'] = $model['id'] + 1 ?>
<?php $simple = 1.5 ?>
<?php $className = $type ? $moduleClass : 'default' ?>