<f:render partial="Templates/ContentElements/e-cta" arguments="{text: '{model.button}'}" />
<f:render partial="Templates/ContentElements/m-teaser" arguments="{model: '{self}'}">children</f:render>
<f:render partial="Templates/ContentElements/e-headline" arguments="{classes: '{moduleName}--check'}" />
<f:render partial="Templates/ContentElements/e-headline" arguments="{level: '{level + 1}'}" />
