<?php if ($model['copy'] || $model['headline'] == '') { ?>COPY<?php } ?>
<?php if ($model['copy']) { ?>COPY<?php } else { ?>NOCOPY<?php } ?>