<?php $loop = array('length' => count(@$model['items']), 'index' => 0, 'isFirst' => true, 'isLast' => false); foreach(@$model['items'] as $item) { $loop['isFirst'] = $loop['index'] == 0; $loop['isLast'] = $loop['index'] == $loop['length'] - 1; ?>COPY<?php } ?>
<?php $loop = array('length' => count(@$model['items']), 'index' => 0, 'isFirst' => true, 'isLast' => false); foreach(@$model['items'] as $key => $item) { $loop['isFirst'] = $loop['index'] == 0; $loop['isLast'] = $loop['index'] == $loop['length'] - 1; ?>BREAKPOINT<?php } ?>
<?php $loop = array('length' => count(@$model['items']), 'index' => 0, 'isFirst' => true, 'isLast' => false); foreach(@$model['items'] as $item) { $loop['isFirst'] = $loop['index'] == 0; $loop['isLast'] = $loop['index'] == $loop['length'] - 1; ?><?php echo @$loop['length'] ?><?php echo @$loop['index'] ?><?php echo @$loop['isFirst'] ?><?php echo @$loop['isLast'] ?><?php } ?>
